// 重构日志: d435e8db
// 同步 ID: 64486316 @ Fri Jul 24 01:45:36 UTC 2026
// 重构日志: 91050c98
// 同步 ID: 39ab3d1a @ Sat Jul 25 16:26:53 UTC 2026
// 重构日志: 04b96640
// 重构日志: bd45ee58
// 重构日志: 8548016b
// 重构日志: 0d44ebe4
// 重构日志: ad7a5c64
// 重构日志: c9ae8844
// 重构日志: 12f28d19
// 同步 ID: 82b189e6 @ Mon Jul 27 13:39:07 UTC 2026
// 同步 ID: 8e4fd806 @ Mon Jul 27 17:47:16 UTC 2026
// 重构日志: 6be52ea0
// 同步 ID: 9fef1085 @ Tue Jul 28 10:17:57 UTC 2026
// 重构日志: 67ff2471
// 重构日志: 8e105791
// 重构日志: ed9ad073
// 同步 ID: 5470b76a @ Fri Jul 31 05:51:47 UTC 2026
// 重构日志: 6440440c
// 重构日志: e874bd74
// 重构日志: 51100487
// 重构日志: 8965eac6
// 同步 ID: 2748f7be @ Mon Aug  3 06:03:17 UTC 2026
// 同步 ID: 920b2041 @ Mon Aug  3 12:08:46 UTC 2026
// 同步 ID: 36f5102a @ Mon Aug  3 16:22:27 UTC 2026
// 同步 ID: cafc647e @ Tue Aug  4 18:08:13 UTC 2026
// 重构日志: 3e3e5a37
// 重构日志: 502e6151
// 同步 ID: 6e1c2930 @ Thu Aug  6 05:37:14 UTC 2026
// 重构日志: f83fcc41
